CRITICAL - 2026-05-20 08:51:58 --> CodeIgniter\View\Exceptions\ViewException: Invalid file: "dosen.php"
[Method: GET, Route: dosen]
in SYSTEMPATH\Exceptions\FrameworkException.php on line 39.
 1 SYSTEMPATH\View\View.php(228): CodeIgniter\Exceptions\FrameworkException::forInvalidFile('dosen.php')
 2 SYSTEMPATH\Common.php(1250): CodeIgniter\View\View->render('dosen', [], true)
 3 APPPATH\Controllers\Home.php(17): view('dosen')
 4 SYSTEMPATH\CodeIgniter.php(951): App\Controllers\Home->dosen()
 5 SYSTEMPATH\CodeIgniter.php(497): CodeIgniter\CodeIgniter->runController(Object(App\Controllers\Home))
 6 SYSTEMPATH\CodeIgniter.php(340): CodeIgniter\CodeIgniter->handleRequest(null, Object(Config\Cache), false)
 7 SYSTEMPATH\Boot.php(417): CodeIgniter\CodeIgniter->run()
 8 SYSTEMPATH\Boot.php(68): CodeIgniter\Boot::runCodeIgniter(Object(CodeIgniter\CodeIgniter))
 9 FCPATH\index.php(59): CodeIgniter\Boot::bootWeb(Object(Config\Paths))
CRITICAL - 2026-05-20 08:52:04 --> CodeIgniter\View\Exceptions\ViewException: Invalid file: "dosen.php"
[Method: GET, Route: dosen]
in SYSTEMPATH\Exceptions\FrameworkException.php on line 39.
 1 SYSTEMPATH\View\View.php(228): CodeIgniter\Exceptions\FrameworkException::forInvalidFile('dosen.php')
 2 SYSTEMPATH\Common.php(1250): CodeIgniter\View\View->render('dosen', [], true)
 3 APPPATH\Controllers\Home.php(17): view('dosen')
 4 SYSTEMPATH\CodeIgniter.php(951): App\Controllers\Home->dosen()
 5 SYSTEMPATH\CodeIgniter.php(497): CodeIgniter\CodeIgniter->runController(Object(App\Controllers\Home))
 6 SYSTEMPATH\CodeIgniter.php(340): CodeIgniter\CodeIgniter->handleRequest(null, Object(Config\Cache), false)
 7 SYSTEMPATH\Boot.php(417): CodeIgniter\CodeIgniter->run()
 8 SYSTEMPATH\Boot.php(68): CodeIgniter\Boot::runCodeIgniter(Object(CodeIgniter\CodeIgniter))
 9 FCPATH\index.php(59): CodeIgniter\Boot::bootWeb(Object(Config\Paths))
CRITICAL - 2026-05-20 08:53:02 --> CodeIgniter\View\Exceptions\ViewException: Invalid file: "dosen.php"
[Method: GET, Route: dosen]
in SYSTEMPATH\Exceptions\FrameworkException.php on line 39.
 1 SYSTEMPATH\View\View.php(228): CodeIgniter\Exceptions\FrameworkException::forInvalidFile('dosen.php')
 2 SYSTEMPATH\Common.php(1250): CodeIgniter\View\View->render('dosen', [], true)
 3 APPPATH\Controllers\Home.php(17): view('dosen')
 4 SYSTEMPATH\CodeIgniter.php(951): App\Controllers\Home->dosen()
 5 SYSTEMPATH\CodeIgniter.php(497): CodeIgniter\CodeIgniter->runController(Object(App\Controllers\Home))
 6 SYSTEMPATH\CodeIgniter.php(340): CodeIgniter\CodeIgniter->handleRequest(null, Object(Config\Cache), false)
 7 SYSTEMPATH\Boot.php(417): CodeIgniter\CodeIgniter->run()
 8 SYSTEMPATH\Boot.php(68): CodeIgniter\Boot::runCodeIgniter(Object(CodeIgniter\CodeIgniter))
 9 FCPATH\index.php(59): CodeIgniter\Boot::bootWeb(Object(Config\Paths))
CRITICAL - 2026-05-20 08:53:31 --> CodeIgniter\View\Exceptions\ViewException: Invalid file: "dosen.php"
[Method: GET, Route: dosen]
in SYSTEMPATH\Exceptions\FrameworkException.php on line 39.
 1 SYSTEMPATH\View\View.php(228): CodeIgniter\Exceptions\FrameworkException::forInvalidFile('dosen.php')
 2 SYSTEMPATH\Common.php(1250): CodeIgniter\View\View->render('dosen', [], true)
 3 APPPATH\Controllers\Home.php(17): view('dosen')
 4 SYSTEMPATH\CodeIgniter.php(951): App\Controllers\Home->dosen()
 5 SYSTEMPATH\CodeIgniter.php(497): CodeIgniter\CodeIgniter->runController(Object(App\Controllers\Home))
 6 SYSTEMPATH\CodeIgniter.php(340): CodeIgniter\CodeIgniter->handleRequest(null, Object(Config\Cache), false)
 7 SYSTEMPATH\Boot.php(417): CodeIgniter\CodeIgniter->run()
 8 SYSTEMPATH\Boot.php(68): CodeIgniter\Boot::runCodeIgniter(Object(CodeIgniter\CodeIgniter))
 9 FCPATH\index.php(59): CodeIgniter\Boot::bootWeb(Object(Config\Paths))
CRITICAL - 2026-05-20 08:53:32 --> CodeIgniter\View\Exceptions\ViewException: Invalid file: "dosen.php"
[Method: GET, Route: dosen]
in SYSTEMPATH\Exceptions\FrameworkException.php on line 39.
 1 SYSTEMPATH\View\View.php(228): CodeIgniter\Exceptions\FrameworkException::forInvalidFile('dosen.php')
 2 SYSTEMPATH\Common.php(1250): CodeIgniter\View\View->render('dosen', [], true)
 3 APPPATH\Controllers\Home.php(17): view('dosen')
 4 SYSTEMPATH\CodeIgniter.php(951): App\Controllers\Home->dosen()
 5 SYSTEMPATH\CodeIgniter.php(497): CodeIgniter\CodeIgniter->runController(Object(App\Controllers\Home))
 6 SYSTEMPATH\CodeIgniter.php(340): CodeIgniter\CodeIgniter->handleRequest(null, Object(Config\Cache), false)
 7 SYSTEMPATH\Boot.php(417): CodeIgniter\CodeIgniter->run()
 8 SYSTEMPATH\Boot.php(68): CodeIgniter\Boot::runCodeIgniter(Object(CodeIgniter\CodeIgniter))
 9 FCPATH\index.php(59): CodeIgniter\Boot::bootWeb(Object(Config\Paths))
CRITICAL - 2026-05-20 08:54:58 --> CodeIgniter\View\Exceptions\ViewException: Invalid file: "dosen.php"
[Method: GET, Route: home/dosen]
in SYSTEMPATH\Exceptions\FrameworkException.php on line 39.
 1 SYSTEMPATH\View\View.php(228): CodeIgniter\Exceptions\FrameworkException::forInvalidFile('dosen.php')
 2 SYSTEMPATH\Common.php(1250): CodeIgniter\View\View->render('dosen', [], true)
 3 APPPATH\Controllers\Home.php(17): view('dosen')
 4 SYSTEMPATH\CodeIgniter.php(951): App\Controllers\Home->dosen()
 5 SYSTEMPATH\CodeIgniter.php(497): CodeIgniter\CodeIgniter->runController(Object(App\Controllers\Home))
 6 SYSTEMPATH\CodeIgniter.php(340): CodeIgniter\CodeIgniter->handleRequest(null, Object(Config\Cache), false)
 7 SYSTEMPATH\Boot.php(417): CodeIgniter\CodeIgniter->run()
 8 SYSTEMPATH\Boot.php(68): CodeIgniter\Boot::runCodeIgniter(Object(CodeIgniter\CodeIgniter))
 9 FCPATH\index.php(59): CodeIgniter\Boot::bootWeb(Object(Config\Paths))
CRITICAL - 2026-05-20 08:55:04 --> CodeIgniter\View\Exceptions\ViewException: Invalid file: "dosen.php"
[Method: GET, Route: home/dosen]
in SYSTEMPATH\Exceptions\FrameworkException.php on line 39.
 1 SYSTEMPATH\View\View.php(228): CodeIgniter\Exceptions\FrameworkException::forInvalidFile('dosen.php')
 2 SYSTEMPATH\Common.php(1250): CodeIgniter\View\View->render('dosen', [], true)
 3 APPPATH\Controllers\Home.php(17): view('dosen')
 4 SYSTEMPATH\CodeIgniter.php(951): App\Controllers\Home->dosen()
 5 SYSTEMPATH\CodeIgniter.php(497): CodeIgniter\CodeIgniter->runController(Object(App\Controllers\Home))
 6 SYSTEMPATH\CodeIgniter.php(340): CodeIgniter\CodeIgniter->handleRequest(null, Object(Config\Cache), false)
 7 SYSTEMPATH\Boot.php(417): CodeIgniter\CodeIgniter->run()
 8 SYSTEMPATH\Boot.php(68): CodeIgniter\Boot::runCodeIgniter(Object(CodeIgniter\CodeIgniter))
 9 FCPATH\index.php(59): CodeIgniter\Boot::bootWeb(Object(Config\Paths))
